# -- lib.lplib_gp.lst
# -- find ../hdl -type f


# -- find ../hdl/clk -type f
# ------------------------------------------------------------------------------
../hdl/clk/rtl/clk_gate_ff.vhd
../hdl/clk/rtl/clk_mux.vhd


# -- find ../hdl/input_filter -type f
# ------------------------------------------------------------------------------
../hdl/input_filter/rtl/synch.vhd
../hdl/input_filter/rtl/synch_v.vhd
../hdl/input_filter/rtl/debounce_filter.vhd
../hdl/input_filter/rtl/pulse_filter.vhd


# -- find ../hdl/reg_file -type f
# ------------------------------------------------------------------------------
../hdl/reg_file/rtl/reg_file_1rw.vhd
../hdl/reg_file/rtl/reg_file_1rw_mask.vhd
../hdl/reg_file/rtl/reg_file_1rw_fun.vhd
../hdl/reg_file/rtl/reg_file_1w1r.vhd
../hdl/reg_file/rtl/reg_file_1w1r_mask.vhd
../hdl/reg_file/rtl/reg_file_1w1r_fun.vhd
../hdl/reg_file/rtl/reg_file_1w2r.vhd
../hdl/reg_file/rtl/reg_file_1w2r_mask.vhd
../hdl/reg_file/rtl/reg_file_1w2r_fun.vhd
../hdl/reg_file/rtl/reg_file_2w2r.vhd


# -- find ../hdl/reset -type f
# ------------------------------------------------------------------------------
../hdl/reset/rtl/reset_filter.vhd
../hdl/reset/rtl/reset_ctrl_m.vhd
../hdl/reset/rtl/reset_ctrl_ms.vhd